
> genesis-web-tool@1.0.0 start /hana/data/applications/ysa-webtool
> NODE_ENV=production node ./src/server.js

events.js:291
      throw er; // Unhandled 'error' event
      ^

Error: listen EADDRINUSE: address already in use :::8189
    at Server.setupListenHandle [as _listen2] (net.js:1316:16)
    at listenInCluster (net.js:1364:12)
    at Server.listen (net.js:1450:7)
    at Function.listen (/hana/data/applications/ysa-webtool/node_modules/express/lib/application.js:618:24)
    at Object.<anonymous> (/hana/data/applications/ysa-webtool/src/server.js:183:18)
    at Module._compile (internal/modules/cjs/loader.js:999:30)
    at Object.Module._extensions..js (internal/modules/cjs/loader.js:1027:10)
    at Module.load (internal/modules/cjs/loader.js:863:32)
    at Function.Module._load (internal/modules/cjs/loader.js:708:14)
    at Function.executeUserEntryPoint [as runMain] (internal/modules/run_main.js:60:12)
Emitted 'error' event on Server instance at:
    at emitErrorNT (net.js:1343:8)
    at processTicksAndRejections (internal/process/task_queues.js:84:21) {
  code: 'EADDRINUSE',
  errno: 'EADDRINUSE',
  syscall: 'listen',
  address: '::',
  port: 8189
}
npm ERR! code ELIFECYCLE
npm ERR! errno 1
npm ERR! genesis-web-tool@1.0.0 start: `NODE_ENV=production node ./src/server.js`
npm ERR! Exit status 1
npm ERR! 
npm ERR! Failed at the genesis-web-tool@1.0.0 start script.
npm ERR! This is probably not a problem with npm. There is likely additional logging output above.

npm ERR! A complete log of this run can be found in:
npm ERR!     /home/apps/.npm/_logs/2021-09-03T16_51_33_954Z-debug.log

> genesis-web-tool@1.0.0 start /hana/data/applications/ysa-webtool
> NODE_ENV=production node ./src/server.js

Genesis listening at http://:::8189

> genesis-web-tool@1.0.0 start /hana/data/applications/ysa-webtool
> NODE_ENV=production node ./src/server.js

Genesis listening at http://:::8189

> genesis-web-tool@1.0.0 start /hana/data/applications/ysa-webtool
> NODE_ENV=production node ./src/server.js

Genesis listening at http://:::8189

> genesis-web-tool@1.0.0 start /hana/data/applications/ysa-webtool
> NODE_ENV=production node ./src/server.js

Genesis listening at http://:::8189

> genesis-web-tool@1.0.0 start /hana/data/applications/ysa-webtool
> NODE_ENV=production node ./src/server.js

Genesis listening at http://:::8189

> genesis-web-tool@1.0.0 start /hana/data/applications/ysa-webtool
> NODE_ENV=production node ./src/server.js

Genesis listening at http://:::8189

> genesis-web-tool@1.0.0 start /hana/data/applications/ysa-webtool
> NODE_ENV=production node ./src/server.js

Genesis listening at http://:::8189

> genesis-web-tool@1.0.0 start /hana/data/applications/ysa-webtool
> NODE_ENV=production node ./src/server.js

Genesis listening at http://:::8189

> genesis-web-tool@1.0.0 start /hana/data/applications/ysa-webtool
> NODE_ENV=production node ./src/server.js

Genesis listening at http://:::8189

> genesis-web-tool@1.0.0 start /hana/data/applications/ysa-webtool
> NODE_ENV=production node ./src/server.js

Genesis listening at http://:::8189

> genesis-web-tool@1.0.0 start /hana/data/applications/ysa-webtool
> NODE_ENV=production node ./src/server.js

Genesis listening at http://:::8189

> genesis-web-tool@1.0.0 start /hana/data/applications/ysa-webtool
> NODE_ENV=production node ./src/server.js

Genesis listening at http://:::8189

> genesis-web-tool@1.0.0 start /hana/data/applications/ysa-webtool
> NODE_ENV=production node ./src/server.js

Genesis listening at http://:::8189

> genesis-web-tool@1.0.0 start /hana/data/applications/ysa-webtool
> NODE_ENV=production node ./src/server.js

Genesis listening at http://:::8189

> genesis-web-tool@1.0.0 start /hana/data/applications/ysa-webtool
> NODE_ENV=production node ./src/server.js

Genesis listening at http://:::8189

> genesis-web-tool@1.0.0 start /hana/data/applications/ysa-webtool
> NODE_ENV=production node ./src/server.js

Genesis listening at http://:::8189

> genesis-web-tool@1.0.0 start /hana/data/applications/ysa-webtool
> NODE_ENV=production node ./src/server.js

Genesis listening at http://:::8189

> genesis-web-tool@1.0.0 start /hana/data/applications/ysa-webtool
> NODE_ENV=production node ./src/server.js

Genesis listening at http://:::8189

> genesis-web-tool@1.0.0 start /hana/data/applications/ysa-webtool
> NODE_ENV=production node ./src/server.js

Genesis listening at http://:::8189

> genesis-web-tool@1.0.0 start /hana/data/applications/ysa-webtool
> NODE_ENV=production node ./src/server.js

Genesis listening at http://:::8189

> genesis-web-tool@1.0.0 start /hana/data/applications/ysa-webtool
> NODE_ENV=production node ./src/server.js

Genesis listening at http://:::8189

> genesis-web-tool@1.0.0 start /hana/data/applications/ysa-webtool
> NODE_ENV=production node ./src/server.js

Genesis listening at http://:::8189

> genesis-web-tool@1.0.0 start /hana/data/applications/ysa-webtool
> NODE_ENV=production node ./src/server.js

Genesis listening at http://:::8189

> genesis-web-tool@1.0.0 start /hana/data/applications/ysa-webtool
> NODE_ENV=production node ./src/server.js

Genesis listening at http://:::8189

> genesis-web-tool@1.0.0 start /hana/data/applications/ysa-webtool
> NODE_ENV=production node ./src/server.js

Genesis listening at http://:::8189

> genesis-web-tool@1.0.0 start /hana/data/applications/ysa-webtool
> NODE_ENV=production node ./src/server.js

Genesis listening at http://:::8189

> genesis-web-tool@1.0.0 start /hana/data/applications/ysa-webtool
> NODE_ENV=production node ./src/server.js

Genesis listening at http://:::8189

> genesis-web-tool@1.0.0 start /hana/data/applications/ysa-webtool
> NODE_ENV=production node ./src/server.js

Genesis listening at http://:::8189

> genesis-web-tool@1.0.0 start /hana/data/applications/ysa-webtool
> NODE_ENV=production node ./src/server.js

Genesis listening at http://:::8189

> genesis-web-tool@1.0.0 start /hana/data/applications/ysa-webtool
> NODE_ENV=production node ./src/server.js

Genesis listening at http://:::8189

> genesis-web-tool@1.0.0 start /hana/data/applications/ysa-webtool
> NODE_ENV=production node ./src/server.js

Genesis listening at http://:::8189

> genesis-web-tool@1.0.0 start /hana/data/applications/ysa-webtool
> NODE_ENV=production node ./src/server.js

Genesis listening at http://:::8189

> genesis-web-tool@1.0.0 start /hana/data/applications/ysa-webtool
> NODE_ENV=production node ./src/server.js

Genesis listening at http://:::8189

> genesis-web-tool@1.0.0 start /hana/data/applications/ysa-webtool
> NODE_ENV=production node ./src/server.js

Genesis listening at http://:::8189

> genesis-web-tool@1.0.0 start /hana/data/applications/ysa-webtool
> NODE_ENV=production node ./src/server.js

Genesis listening at http://:::8189

> genesis-web-tool@1.0.0 start /hana/data/applications/ysa-webtool
> NODE_ENV=production node ./src/server.js

Genesis listening at http://:::8189

> genesis-web-tool@1.0.0 start /hana/data/applications/ysa-webtool
> NODE_ENV=production node ./src/server.js

Genesis listening at http://:::8189

> genesis-web-tool@1.0.0 start /hana/data/applications/ysa-webtool
> NODE_ENV=production node ./src/server.js

Genesis listening at http://:::8189

> genesis-web-tool@1.0.0 start /hana/data/applications/ysa-webtool
> NODE_ENV=production node ./src/server.js

Genesis listening at http://:::8189
URIError: Failed to decode param '/%C0'
    at decodeURIComponent (<anonymous>)
    at decode_param (/hana/data/applications/ysa-webtool/node_modules/express/lib/router/layer.js:172:12)
    at Layer.match (/hana/data/applications/ysa-webtool/node_modules/express/lib/router/layer.js:123:27)
    at matchLayer (/hana/data/applications/ysa-webtool/node_modules/express/lib/router/index.js:574:18)
    at next (/hana/data/applications/ysa-webtool/node_modules/express/lib/router/index.js:220:15)
    at /hana/data/applications/ysa-webtool/src/server.js:23:3
    at Layer.handle [as handle_request] (/hana/data/applications/ysa-webtool/node_modules/express/lib/router/layer.js:95:5)
    at trim_prefix (/hana/data/applications/ysa-webtool/node_modules/express/lib/router/index.js:317:13)
    at /hana/data/applications/ysa-webtool/node_modules/express/lib/router/index.js:284:7
    at Function.process_params (/hana/data/applications/ysa-webtool/node_modules/express/lib/router/index.js:335:12)

> genesis-web-tool@1.0.0 start /hana/data/applications/ysa-webtool
> NODE_ENV=production node ./src/server.js

Genesis listening at http://:::8189

> genesis-web-tool@1.0.0 start /hana/data/applications/ysa-webtool
> NODE_ENV=production node ./src/server.js

Genesis listening at http://:::8189

> genesis-web-tool@1.0.0 start /hana/data/applications/ysa-webtool
> NODE_ENV=production node ./src/server.js

Genesis listening at http://:::8189

> genesis-web-tool@1.0.0 start /hana/data/applications/ysa-webtool
> NODE_ENV=production node ./src/server.js

Genesis listening at http://:::8189

> genesis-web-tool@1.0.0 start /hana/data/applications/ysa-webtool
> NODE_ENV=production node ./src/server.js

Genesis listening at http://:::8189

> genesis-web-tool@1.0.0 start /hana/data/applications/ysa-webtool
> NODE_ENV=production node ./src/server.js

Genesis listening at http://:::8189

> genesis-web-tool@1.0.0 start /hana/data/applications/ysa-webtool
> NODE_ENV=production node ./src/server.js

Genesis listening at http://:::8189

> genesis-web-tool@1.0.0 start /hana/data/applications/ysa-webtool
> NODE_ENV=production node ./src/server.js

Genesis listening at http://:::8189

Usage: npm <command>

where <command> is one of:
    access, adduser, audit, bin, bugs, c, cache, ci, cit,
    clean-install, clean-install-test, completion, config,
    create, ddp, dedupe, deprecate, dist-tag, docs, doctor,
    edit, explore, fund, get, help, help-search, hook, i, init,
    install, install-ci-test, install-test, it, link, list, ln,
    login, logout, ls, org, outdated, owner, pack, ping, prefix,
    profile, prune, publish, rb, rebuild, repo, restart, root,
    run, run-script, s, se, search, set, shrinkwrap, star,
    stars, start, stop, t, team, test, token, tst, un,
    uninstall, unpublish, unstar, up, update, v, version, view,
    whoami

npm <command> -h  quick help on <command>
npm -l            display full usage info
npm help <term>   search for help on <term>
npm help npm      involved overview

Specify configs in the ini-formatted file:
    /home/apps/.npmrc
or on the command line via: npm <command> --key value
Config info can be viewed via: npm help config

npm@6.14.12 /usr/lib/node_modules/npm

Did you mean this?
    rebuild

> genesis-web-tool@1.0.0 start /hana/data/applications/ysa-webtool
> NODE_ENV=production node ./src/server.js

Genesis listening at http://:::8189
URIError: Failed to decode param '/%C0'
    at decodeURIComponent (<anonymous>)
    at decode_param (/hana/data/applications/ysa-webtool/node_modules/express/lib/router/layer.js:172:12)
    at Layer.match (/hana/data/applications/ysa-webtool/node_modules/express/lib/router/layer.js:123:27)
    at matchLayer (/hana/data/applications/ysa-webtool/node_modules/express/lib/router/index.js:574:18)
    at next (/hana/data/applications/ysa-webtool/node_modules/express/lib/router/index.js:220:15)
    at /hana/data/applications/ysa-webtool/src/server.js:23:3
    at Layer.handle [as handle_request] (/hana/data/applications/ysa-webtool/node_modules/express/lib/router/layer.js:95:5)
    at trim_prefix (/hana/data/applications/ysa-webtool/node_modules/express/lib/router/index.js:317:13)
    at /hana/data/applications/ysa-webtool/node_modules/express/lib/router/index.js:284:7
    at Function.process_params (/hana/data/applications/ysa-webtool/node_modules/express/lib/router/index.js:335:12)

> genesis-web-tool@1.0.0 start /hana/data/applications/ysa-webtool
> NODE_ENV=production node ./src/server.js

Genesis listening at http://:::8189

> genesis-web-tool@1.0.0 start /hana/data/applications/ysa-webtool
> NODE_ENV=production node ./src/server.js

Genesis listening at http://:::8189

> genesis-web-tool@1.0.0 start /hana/data/applications/ysa-webtool
> NODE_ENV=production node ./src/server.js

Genesis listening at http://:::8189

> genesis-web-tool@1.0.0 start /hana/data/applications/ysa-webtool
> NODE_ENV=production node ./src/server.js

Genesis listening at http://:::8189

> genesis-web-tool@1.0.0 start /hana/data/applications/ysa-webtool
> NODE_ENV=production node ./src/server.js

Genesis listening at http://:::8189

> genesis-web-tool@1.0.0 start /hana/data/applications/ysa-webtool
> NODE_ENV=production node ./src/server.js

Genesis listening at http://:::8189

> genesis-web-tool@1.0.0 start /hana/data/applications/ysa-webtool
> NODE_ENV=production node ./src/server.js

Genesis listening at http://:::8189

> genesis-web-tool@1.0.0 start /hana/data/applications/ysa-webtool
> NODE_ENV=production node ./src/server.js

Genesis listening at http://:::8189

> genesis-web-tool@1.0.0 start /hana/data/applications/ysa-webtool
> NODE_ENV=production node ./src/server.js

Genesis listening at http://:::8189

> genesis-web-tool@1.0.0 start /hana/data/applications/ysa-webtool
> NODE_ENV=production node ./src/server.js

Genesis listening at http://:::8189

> genesis-web-tool@1.0.0 start /hana/data/applications/ysa-webtool
> NODE_ENV=production node ./src/server.js

Genesis listening at http://:::8189
